// Jest Snapshot v1, https://goo.gl/fbAQLP

exports[`should render negative amounts on the right side 1`] = `
<div
  className="debit-or-credit"
>
  <span
    className="credit"
  />
  <span
    className="debit"
  >
    <span
      className="value"
    >
      -10
    </span>
  </span>
</div>
`;

exports[`should render positive amounts on the left side 1`] = `
<div
  className="debit-or-credit"
>
  <span
    className="credit"
  >
    <span
      className="value"
    >
      +10
    </span>
  </span>
  <span
    className="debit"
  />
</div>
`;

exports[`should render zero on the left side 1`] = `
<div
  className="debit-or-credit"
>
  <span
    className="credit"
  >
    <span
      className="value"
    >
      0
    </span>
  </span>
  <span
    className="debit"
  />
</div>
`;
